// Jest Snapshot v1, https://goo.gl/fbAQLP

exports[`A página de configuração Deve ser renderizada corretamente 1`] = `
<div>
  <div
    class="sc-bczRLJ jsjhNL"
  >
    <section
      class="sc-papXJ gsubeQ"
    >
      <h2
        class="sc-jqUVSM eKIcEx"
      >
        Vamos começar!
      </h2>
      <form>
        <div
          class="sc-eCYdqJ fPQdnt"
        >
          <input
            class="sc-jSMfEi gdPKdK"
            placeholder="Insira os nomes dos participantes"
            type="text"
            value=""
          />
          <button
            class="sc-jSMfEi sc-gKXOVf gdPKdK fFBcTU"
            disabled=""
          >
            Adicionar
          </button>
        </div>
        
      </form>
      <ul />
      <footer
        class="sc-gsnTZi bKhtBK"
      >
        <button
          class="sc-dkzDqf kzBkPq"
          disabled=""
        >
          Iniciar brincadeira
        </button>
        <img
          alt="Sacolas de compras"
          class="sc-hKMtZM gvFfar"
          src="/imagens/sacolas.png"
        />
      </footer>
    </section>
  </div>
</div>
`;
